=== SAROPA LOG CAPTURE — SESSION START ===
Extension version: 9.3.11
Date:           2026-08-11T16:37:47.269Z
Project:        hackday_backend-master 2
Debug Adapter:  node-terminal
launch.json:    Node.js Process
  trace:         {"stdio":false,"logFile":null}
  outputCapture: "console"
  timeout:       10000
  timeouts:      {}
  showAsyncStacks: {"onceBreakpointResolved":16}
  skipFiles:     ["<node_internals>/**"]
  smartStep:     true
  sourceMaps:    true
  sourceMapRenames: true
  pauseForSourceMap: false
  rootPath:      "/Users/subh/Downloads/hackday_backend-master 2"
  outFiles:      ["/Users/subh/Downloads/hackday_backend-master 2/**/*.(m|c|)js","!**/node_modules/**"]
  sourceMapPathOverrides: {"webpack:///./~/*":"/Users/subh/Downloads/hackday_backend-master 2/node_modules/*","webpack:////*":"/*","webpack://@?:*/?:*/*":"/Users/subh/Downloads/hackday_backend-master 2/*","webpack://?:*/*":"/Users/subh/Downloads/hackday_backend-master 2/*","webpack:///([a-z]):/(.+)":"$1:/$2","meteor://💻app/*":"/Users/subh/Downloads/hackday_backend-master 2/*","turbopack://[project]/*":"/Users/subh/Downloads/hackday_backend-master 2/*","turbopack:///[project]/*":"/Users/subh/Downloads/hackday_backend-master 2/*"}
  enableContentValidation: true
  cascadeTerminateToConfigurations: []
  enableDWARF:   true
  __workspaceFolder: "/Users/subh/Downloads/hackday_backend-master 2"
  __breakOnConditionalError: false
  cwd:           "/Users/subh/Downloads/hackday_backend-master 2"
  env:           {}
  envFile:       null
  localRoot:     null
  remoteRoot:    null
  autoAttachChildProcesses: true
  runtimeSourcemapPausePatterns: []
  delegateId:    1
  internalConsoleOptions: "neverOpen"
  __workspaceCachePath: "/Users/subh/Library/Application Support/Devin/User/workspaceStorage/82399651be32fd12675c41ab2ade8757/ms-vscode.js-debug"
VS Code:        1.110.1
Extension:      saropa-log-capture v9.3.11
OS:             Darwin 25.2.0 (arm64)
Node:           v22.22.0
System: 8 CPUs, 8192 MB RAM (68 MB free)
==========================================

[22:07:47.306] [telemetry] js-debug/launch

=== SESSION END — 2026-08-11T16:37:47.627Z — 1 lines ===
